=== 海苔英语 例句生成器 (管道符版) ===

Scanning CEFR...
CEFR: 4623 words need AI

....-..... 4% (200/4623)
.......... 9% (400/4623)
.......... 13% (600/4623)
.......... 17% (800/4623)
...-...... 22% (1000/4623)
.......... 26% (1200/4623)
.......... 30% (1400/4623)
.....--... 35% (1600/4623)
.......... 39% (1800/4623)
........-. 43% (2000/4623)
.......... 48% (2200/4623)
.--.....-. 52% (2400/4623)
..-....... 56% (2600/4623)
........-. 61% (2800/4623)
...-...... 65% (3000/4623)
.......... 69% (3200/4623)
-......-.. 74% (3400/4623)
-......... 78% (3600/4623)
.......... 82% (3800/4623)
.......... 87% (4000/4623)
.......... 91% (4200/4623)
.......... 95% (4400/4623)
.......... 100% (4600/4623)
.. 100% (4623/4623)

CEFR done: 218 ok, 280 failed

Scanning TOEFL...
TOEFL: 2191 words need AI

........-. 9% (200/2191)
-......... 18% (400/2191)
....----.. 27% (600/2191)
--....--.. 37% (800/2191)
.........- 46% (1000/2191)
..-....... 55% (1200/2191)
.......... 64% (1400/2191)
.......... 73% (1600/2191)
--...-.... 82% (1800/2191)
...-...... 91% (2000/2191)
.......... 100% (2191/2191)

TOEFL done: 132 ok, 320 failed

Scanning IELTS...
IELTS: 2036 words need AI

........-. 10% (200/2036)
.-..-..... 20% (400/2036)
.......... 29% (600/2036)
.....-..-. 39% (800/2036)
.......... 49% (1000/2036)
...--..... 59% (1200/2036)
...-....-. 69% (1400/2036)
-.....-... 79% (1600/2036)
.......... 88% (1800/2036)
-........- 98% (2000/2036)
.- 100% (2036/2036)

IELTS done: 88 ok, 276 failed

=== 全部完成 ===
