=== 海苔英语 例句生成器 (管道符版) ===

Scanning CEFR...
CEFR: 4405 words need AI

.......... 5% (200/4405)
.-........ 9% (400/4405)
.......... 14% (600/4405)
.......... 18% (800/4405)
.-....-... 23% (1000/4405)
.......... 27% (1200/4405)
.......... 32% (1400/4405)
..-.--..-- 36% (1600/4405)
.-.-...... 41% (1800/4405)
....-..... 45% (2000/4405)
-......... 50% (2200/4405)
.......... 54% (2400/4405)
......-... 59% (2600/4405)
.......... 64% (2800/4405)
.......... 68% (3000/4405)
.......... 73% (3200/4405)
...-...-.. 77% (3400/4405)
-......... 82% (3600/4405)
.......... 86% (3800/4405)
.-......-. 91% (4000/4405)
.......... 95% (4200/4405)
.......... 100% (4400/4405)
. 100% (4405/4405)

CEFR done: 241 ok, 360 failed

Scanning TOEFL...
TOEFL: 183 words need AI

--....-... 100% (183/183)

TOEFL done: 7 ok, 60 failed

Scanning IELTS...
IELTS: 250 words need AI

.....-.-.. 80% (200/250)
..- 100% (250/250)

IELTS done: 10 ok, 50 failed

=== 全部完成 ===
