=== 海苔英语 例句生成器 (管道符版) ===

Scanning CEFR...
CEFR: 5105 words need AI

.................-.- 12% (600/5105)
-......-....-..-.-.. 24% (1200/5105)
.................... 35% (1800/5105)
....-............... 47% (2400/5105)
.................... 59% (3000/5105)
.....-..........-... 71% (3600/5105)
.................... 82% (4200/5105)
.......-.-..-....... 94% (4800/5105)
-..-....... 100% (5105/5105)

CEFR done: 243 ok, 450 failed

Scanning TOEFL...
TOEFL: 2385 words need AI

.......-....-..-.... 25% (600/2385)
.....--........-.... 50% (1200/2385)
........-........... 75% (1800/2385)
.................... 100% (2385/2385)

TOEFL done: 73 ok, 210 failed

Scanning IELTS...
IELTS: 2217 words need AI

.................... 27% (600/2217)
-....-.............. 54% (1200/2217)
--.........-........ 81% (1800/2217)
.............. 100% (2217/2217)

IELTS done: 69 ok, 150 failed

=== 全部完成 ===
