=== 海苔英语 例句生成器 (管道符版) ===

Scanning CEFR...
CEFR: 5687 words need AI

.................... 4% (200/5687)
.................... 7% (400/5687)
.................... 11% (600/5687)
.................... 14% (800/5687)
.................... 18% (1000/5687)
.................... 21% (1200/5687)
.................... 25% (1400/5687)
...-................ 28% (1600/5687)
.................... 32% (1800/5687)
.-.................. 35% (2000/5687)
.................... 39% (2200/5687)
-......-............ 42% (2400/5687)
.................... 46% (2600/5687)
...-................ 49% (2800/5687)
.................... 53% (3000/5687)
.................... 56% (3200/5687)
...........-........ 60% (3400/5687)
.................... 63% (3600/5687)
.................... 67% (3800/5687)
-................... 70% (4000/5687)
.................... 74% (4200/5687)
.--................. 77% (4400/5687)
-................... 81% (4600/5687)
.................... 84% (4800/5687)
.................... 88% (5000/5687)
.................... 91% (5200/5687)
..-............-.... 95% (5400/5687)
....-............... 98% (5600/5687)
......-.. 100% (5687/5687)

CEFR done: 582 ok, 140 failed

Scanning TOEFL...
TOEFL: 2662 words need AI

.........-.-........ 8% (200/2662)
....-.........-..... 15% (400/2662)
.................... 23% (600/2662)
.................... 30% (800/2662)
....-............... 38% (1000/2662)
.................... 45% (1200/2662)
.-.....--........... 53% (1400/2662)
.-....-............. 60% (1600/2662)
...............-.... 68% (1800/2662)
......-.-....-...... 75% (2000/2662)
...-............-... 83% (2200/2662)
.-.................. 90% (2400/2662)
.................... 98% (2600/2662)
....... 100% (2662/2662)

TOEFL done: 277 ok, 170 failed

Scanning IELTS...
IELTS: 2450 words need AI

.................... 8% (200/2450)
.............--..... 16% (400/2450)
.................... 24% (600/2450)
.................... 33% (800/2450)
...-.....-.......... 41% (1000/2450)
-................... 49% (1200/2450)
..........-......... 57% (1400/2450)
...........-......-. 65% (1600/2450)
..........-........- 73% (1800/2450)
....-............... 82% (2000/2450)
.................... 90% (2200/2450)
.................... 98% (2400/2450)
.-... 100% (2450/2450)

IELTS done: 233 ok, 120 failed

=== 全部完成 ===
