=== 海苔英语 例句生成器 (管道符版) ===

Scanning CEFR...
CEFR: 5687 words need AI

.................... 4% (200/5687)
.................... 7% (400/5687)
.................... 11% (600/5687)
......-............. 14% (800/5687)
.................... 18% (1000/5687)
.................... 21% (1200/5687)
........-........... 25% (1400/5687)
.................... 28% (1600/5687)
......-............. 32% (1800/5687)
.-............-..... 35% (2000/5687)
.................... 39% (2200/5687)
.................... 42% (2400/5687)
...................- 46% (2600/5687)
.................... 49% (2800/5687)
.................-.. 53% (3000/5687)
....-......-........ 56% (3200/5687)
......-....-........ 60% (3400/5687)
...-.............-.. 63% (3600/5687)
.................... 67% (3800/5687)
.................... 70% (4000/5687)
.................... 74% (4200/5687)
.--................. 77% (4400/5687)
-................... 81% (4600/5687)
.................... 84% (4800/5687)
.................... 88% (5000/5687)
.................... 91% (5200/5687)
..-...........--.... 95% (5400/5687)
....--.............. 98% (5600/5687)
......... 100% (5687/5687)

CEFR done: 566 ok, 210 failed

Scanning TOEFL...
TOEFL: 2970 words need AI

............-.....-. 7% (200/2970)
.-......-........... 13% (400/2970)
........-........... 20% (600/2970)
..........--........ 27% (800/2970)
...-..-...-....-.... 34% (1000/2970)
-................... 40% (1200/2970)
.................... 47% (1400/2970)
.-.--............... 54% (1600/2970)
..-...............-. 61% (1800/2970)
.................... 67% (2000/2970)
....-....-.......... 74% (2200/2970)
........-........... 81% (2400/2970)
.........-.--....... 88% (2600/2970)
.................... 94% (2800/2970)
-................ 100% (2970/2970)

TOEFL done: 290 ok, 240 failed

Scanning IELTS...
IELTS: 2983 words need AI

...............-.... 7% (200/2983)
.....-.....-.-...... 13% (400/2983)
.................... 20% (600/2983)
.................... 27% (800/2983)
.................... 34% (1000/2983)
..-....-.......-.... 40% (1200/2983)
...-...-............ 47% (1400/2983)
..................-. 54% (1600/2983)
-.-............-.... 60% (1800/2983)
...........-.......- 67% (2000/2983)
-.-..-....-.-....... 74% (2200/2983)
..........---....... 80% (2400/2983)
.................... 87% (2600/2983)
.................... 94% (2800/2983)
......--...----..-. 100% (2983/2983)

IELTS done: 269 ok, 300 failed

=== 全部完成 ===
===
