=== 海苔英语 例句生成器 (管道符版) ===

Scanning CEFR...
CEFR: 4862 words need AI

..-.-..... 4% (200/4862)
..-....... 8% (400/4862)
.....-.... 12% (600/4862)
.......... 16% (800/4862)
...-...-.. 21% (1000/4862)
.......... 25% (1200/4862)
.......... 29% (1400/4862)
.......... 33% (1600/4862)
--........ 37% (1800/4862)
-.....-... 41% (2000/4862)
.......... 45% (2200/4862)
.-...-.... 49% (2400/4862)
.........- 53% (2600/4862)
..-......- 58% (2800/4862)
.......... 62% (3000/4862)
......-... 66% (3200/4862)
.......... 70% (3400/4862)
-........- 74% (3600/4862)
..-....... 78% (3800/4862)
.....-.... 82% (4000/4862)
......-... 86% (4200/4862)
..-...-..- 90% (4400/4862)
.......... 95% (4600/4862)
.......... 99% (4800/4862)
.... 100% (4862/4862)

CEFR done: 239 ok, 480 failed

Scanning TOEFL...
TOEFL: 2312 words need AI

...-...... 9% (200/2312)
........-. 17% (400/2312)
.......--. 26% (600/2312)
..-...-... 35% (800/2312)
.......... 43% (1000/2312)
.-...-.... 52% (1200/2312)
.-........ 61% (1400/2312)
....-..... 69% (1600/2312)
......-.-- 78% (1800/2312)
..-....... 87% (2000/2312)
.......... 95% (2200/2312)
...... 100% (2312/2312)

TOEFL done: 121 ok, 280 failed

Scanning IELTS...
IELTS: 2148 words need AI

.....-.... 9% (200/2148)
.......... 19% (400/2148)
........-- 28% (600/2148)
-........- 37% (800/2148)
.......... 47% (1000/2148)
.......--. 56% (1200/2148)
.......-.- 65% (1400/2148)
.-.--....- 74% (1600/2148)
....-..... 84% (1800/2148)
.......-.. 93% (2000/2148)
........ 100% (2148/2148)

IELTS done: 112 ok, 300 failed

=== 全部完成 ===
